../Inc/core_cm0.h:623:22:__NVIC_EnableIRQ	16	static
../Inc/core_cm0.h:730:22:__NVIC_SetPriority	24	static
../Src/main.c:143:5:main	16	static
../Src/main.c:176:6:TIM14_Init	8	static
../Src/main.c:185:6:TIM14_IRQHandler	40	static
../Src/main.c:337:6:apply_wheels	24	static
../Src/main.c:358:6:DifferentialDrive	16	static
../Src/main.c:408:6:autoline_init	8	static
../Src/main.c:418:5:leerError	56	static
../Src/main.c:438:6:autoline	40	static
../Src/main.c:489:6:Elevator	16	static
../Src/main.c:512:6:pwm_init	8	static
../Src/main.c:570:6:GPIOA_Init	8	static
../Src/main.c:582:6:USART2_Init	8	static
../Src/main.c:590:6:USART2_IRQHandler	8	static
../Src/main.c:614:6:init_GPIO_EXTI_encoders	8	static
../Src/main.c:628:6:init_GPIO_EXTI_ultrasonic	16	static
../Src/main.c:661:6:init_TIM3_for_trigger_timing	8	static
../Src/main.c:672:6:start_hcsr04_trigger	24	static
../Src/main.c:683:6:TIM3_IRQHandler	16	static
../Src/main.c:692:6:EXTI4_15_IRQHandler	16	static
../Src/main.c:717:6:update_encoder	24	static
../Src/main.c:744:6:init_emergency_buttons	8	static
../Src/main.c:755:6:check_emergency_buttons	8	static
../Src/main.c:766:6:emergency_stop	16	static
../Src/main.c:782:6:WS2812_Init	8	static
../Src/main.c:817:6:SetColor	24	static
../Src/main.c:825:6:PreparePWMBuffer	24	static
../Src/main.c:855:6:SendColors	8	static
../Src/main.c:868:6:DMA1_Channel4_5_IRQHandler	8	static
